"V1","V2","V3","V4","V5"
"1",0,0,0,0,0
"2",0,0,5,4,3
"3",1.5,1,16.5,13,11.5
"4",3,4,92,48,29
"5",7,9,191,84,35
